   Compiling mamba3 v0.1.0 (/Users/ods/Documents/mamba-trainer)
    Finished `release` profile [optimized] target(s) in 5.33s
     Running `target/release/examples/ms2_completion --fixtures experiments/molecular_completion/20261004_completion_ambiguity/fixtures.json --out experiments/molecular_completion/20261004_completion_ambiguity/completion_report.json`
name	status	mass_status	formulas	graphs	recovery	reasons	elapsed_ms
c2h6o_mass_only	complete	accepted	1	2	Some(true)	[]	9
c2h6o_ch2oh_bond	complete	accepted	1	1	Some(true)	[]	8
c2h6o_ch3_symmetry	complete	accepted	1	2	None	[]	7
c2h6o_incompatible_n_atom	complete	accepted	1	0	None	[]	6
c3h8o_mass_only	complete	accepted	1	3	Some(true)	[]	55
c3h8o_other_target_not_recovered	complete	accepted	1	3	Some(false)	[]	41
c3h8o_disjoint_ch3_and_ch2oh	complete	accepted	1	1	Some(true)	[]	40
c2h7n_mass_only	complete	accepted	1	2	Some(true)	[]	6
c2h7n_nh2_selects_ethylamine	complete	accepted	1	1	Some(true)	[]	6
c3h4_mass_only_unsaturation	complete	accepted	1	3	Some(true)	[]	3
c3h4_triple_bond_selects_propyne	complete	accepted	1	1	Some(true)	[]	3
c3h6_ring_cyclopropane	complete	accepted	1	1	Some(true)	[]	3
c3h6_disjoint_double_and_methyl	complete	accepted	1	1	Some(true)	[]	3
c4h8_mass_only	complete	accepted	1	5	Some(true)	[]	36
c4h8_square_ring_selects_cyclobutane	complete	accepted	1	1	Some(true)	[]	36
c2h6o_oracle_overlap_shares_ch2	complete	accepted	1	1	Some(true)	[]	3
oracle_requires_incompatible_types	unsupported_input	accepted	0	0	None	["unsupported: unsupported_input: correspondence pairs incompatible shared atom types"]	0
c2h6o_mass_far_off	complete	rejected	0	0	None	[]	0
c2h6o_mass_boundary_ambiguous	mass_evidence_unresolved	ambiguous	0	0	None	[]	0
c2h6o_precision_unavailable	mass_evidence_unresolved	unavailable	0	0	None	[]	0
c2h6o_overlap_unknown	complete	accepted	1	1	Some(true)	[]	3
c2h6o_full_domain_cn_o	complete	accepted	1	2	None	[]	3
c5h12_full_domain_cn_o	search_budget_exhausted	accepted	1	3	None	["graph_extension_limit"]	530
c6h14_full_domain_cn_o	search_budget_exhausted	accepted	1	5	None	["graph_extension_limit"]	463
all 24 fixtures matched expectations
